// Jest Snapshot v1, https://goo.gl/fbAQLP

exports[`Testing SideNav Checking snapShots: 1`] = `
{
  "asFragment": [Function],
  "baseElement": <body>
    <div>
      <aside>
        <div
          class="div1"
        >
          <img
            alt="logo"
            class="top-logo"
            src="/assets/img/kv-logo.png"
          />
        </div>
        <div
          class="sidebar"
        >
          <div
            class="sidebar1"
          >
            <img
              alt="icon-em"
              class="icon-em"
              src="/assets/img/icon.svg"
            />
            <p
              class="emp-list"
            >
              Employee List
            </p>
          </div>
        </div>
      </aside>
    </div>
  </body>,
  "container": <div>
    <aside>
      <div
        class="div1"
      >
        <img
          alt="logo"
          class="top-logo"
          src="/assets/img/kv-logo.png"
        />
      </div>
      <div
        class="sidebar"
      >
        <div
          class="sidebar1"
        >
          <img
            alt="icon-em"
            class="icon-em"
            src="/assets/img/icon.svg"
          />
          <p
            class="emp-list"
          >
            Employee List
          </p>
        </div>
      </div>
    </aside>
  </div>,
  "debug": [Function],
  "findAllByAltText": [Function],
  "findAllByDisplayValue": [Function],
  "findAllByLabelText": [Function],
  "findAllByPlaceholderText": [Function],
  "findAllByRole": [Function],
  "findAllByTestId": [Function],
  "findAllByText": [Function],
  "findAllByTitle": [Function],
  "findByAltText": [Function],
  "findByDisplayValue": [Function],
  "findByLabelText": [Function],
  "findByPlaceholderText": [Function],
  "findByRole": [Function],
  "findByTestId": [Function],
  "findByText": [Function],
  "findByTitle": [Function],
  "getAllByAltText": [Function],
  "getAllByDisplayValue": [Function],
  "getAllByLabelText": [Function],
  "getAllByPlaceholderText": [Function],
  "getAllByRole": [Function],
  "getAllByTestId": [Function],
  "getAllByText": [Function],
  "getAllByTitle": [Function],
  "getByAltText": [Function],
  "getByDisplayValue": [Function],
  "getByLabelText": [Function],
  "getByPlaceholderText": [Function],
  "getByRole": [Function],
  "getByTestId": [Function],
  "getByText": [Function],
  "getByTitle": [Function],
  "queryAllByAltText": [Function],
  "queryAllByDisplayValue": [Function],
  "queryAllByLabelText": [Function],
  "queryAllByPlaceholderText": [Function],
  "queryAllByRole": [Function],
  "queryAllByTestId": [Function],
  "queryAllByText": [Function],
  "queryAllByTitle": [Function],
  "queryByAltText": [Function],
  "queryByDisplayValue": [Function],
  "queryByLabelText": [Function],
  "queryByPlaceholderText": [Function],
  "queryByRole": [Function],
  "queryByTestId": [Function],
  "queryByText": [Function],
  "queryByTitle": [Function],
  "rerender": [Function],
  "unmount": [Function],
}
`;
